[
    {
        "Id": "a84ead7c-ff90-45f6-8f71-5f49c2c0167e",
        "ParentId": null,
        "Name": "Подразделение 1",
        "Children": [
            {
                "Id": "00000000-0000-0000-0000-000000000001",
                "ParentId": "a84ead7c-ff90-45f6-8f71-5f49c2c0167e",
                "Name": "Подразделение 1.1",
                "Children": [
                    {
                        "Id": "00000000-0000-0000-0000-0000000003e2",
                        "ParentId": "00000000-0000-0000-0000-000000000001",
                        "Name": "Подразделение 1.1.991",
                        "Children": []
                    },
                    {
                        "Id": "00000000-0000-0000-0000-0000000003e3",
                        "ParentId": "00000000-0000-0000-0000-000000000001",
                        "Name": "Подразделение 1.1.992",
                        "Children": []
                    },
                    {
                        "Id": "00000000-0000-0000-0000-0000000003e4",
                        "ParentId": "00000000-0000-0000-0000-000000000001",
                        "Name": "Подразделение 1.1.993",
                        "Children": []
                    },
                    {
                        "Id": "00000000-0000-0000-0000-0000000003e5",
                        "ParentId": "00000000-0000-0000-0000-000000000001",
                        "Name": "Подразделение 1.1.994",
                        "Children": []
                    },
                    {
                        "Id": "00000000-0000-0000-0000-0000000003e6",
                        "ParentId": "00000000-0000-0000-0000-000000000001",
                        "Name": "Подразделение 1.1.995",
                        "Children": []
                    },
                    {
                        "Id": "00000000-0000-0000-0000-0000000003e7",
                        "ParentId": "00000000-0000-0000-0000-000000000001",
                        "Name": "Подразделение 1.1.996",
                        "Children": []
                    },
                    {
                        "Id": "00000000-0000-0000-0000-0000000003e8",
                        "ParentId": "00000000-0000-0000-0000-000000000001",
                        "Name": "Подразделение 1.1.997",
                        "Children": []
                    },
                    {
                        "Id": "00000000-0000-0000-0000-0000000003e9",
                        "ParentId": "00000000-0000-0000-0000-000000000001",
                        "Name": "Подразделение 1.1.998",
                        "Children": []
                    },
                    {
                        "Id": "00000000-0000-0000-0000-0000000003ea",
                        "ParentId": "00000000-0000-0000-0000-000000000001",
                        "Name": "Подразделение 1.1.999",
                        "Children": []
                    },
                    {
                        "Id": "00000000-0000-0000-0000-0000000003eb",
                        "ParentId": "00000000-0000-0000-0000-000000000001",
                        "Name": "Подразделение 1.1.1000",
                        "Children": []
                    }
                ]
            },
            {
                "Id": "00000000-0000-0000-0000-000000000002",
                "ParentId": "a84ead7c-ff90-45f6-8f71-5f49c2c0167e",
                "Name": "Подразделение 1.2",
                "Children": [
                    {
                        "Id": "00000000-0000-0000-0000-0000000003ec",
                        "ParentId": "00000000-0000-0000-0000-000000000002",
                        "Name": "Подразделение 1.2.1",
                        "Children": []
                    }
                ]
            }
        ]
    }
]