[
    {
        "Id": "a84ead7c-ff90-45f6-8f71-5f49c2c0167e",
        "ParentId": null,
        "Name": "Подразделение 1",
        "Children": [
            {
                "Id": "00000000-0000-0000-0000-000000000001",
                "ParentId": "a84ead7c-ff90-45f6-8f71-5f49c2c0167e",
                "Name": "Подразделение 1.1",
                "Children": [
                    {
                        "Id": "00000000-0000-0000-0000-000000000004",
                        "ParentId": "00000000-0000-0000-0000-000000000001",
                        "Name": "Подразделение 1.1.1",
                        "Children": []
                    },
                    {
                        "Id": "00000000-0000-0000-0000-000000000005",
                        "ParentId": "00000000-0000-0000-0000-000000000001",
                        "Name": "Подразделение 1.1.2",
                        "Children": []
                    },
                    {
                        "Id": "00000000-0000-0000-0000-000000000006",
                        "ParentId": "00000000-0000-0000-0000-000000000001",
                        "Name": "Подразделение 1.1.3",
                        "Children": []
                    },
                    {
                        "Id": "00000000-0000-0000-0000-000000000007",
                        "ParentId": "00000000-0000-0000-0000-000000000001",
                        "Name": "Подразделение 1.1.4",
                        "Children": []
                    }
                ]
            },
            {
                "Id": "00000000-0000-0000-0000-000000000002",
                "ParentId": "a84ead7c-ff90-45f6-8f71-5f49c2c0167e",
                "Name": "Подразделение 1.2",
                "Children": [
                    {
                        "Id": "00000000-0000-0000-0000-000000000008",
                        "ParentId": "00000000-0000-0000-0000-000000000002",
                        "Name": "Подразделение 1.2.1",
                        "Children": []
                    },
                    {
                        "Id": "00000000-0000-0000-0000-000000000009",
                        "ParentId": "00000000-0000-0000-0000-000000000002",
                        "Name": "Подразделение 1.2.2",
                        "Children": []
                    }
                ]
            },
            {
                "Id": "00000000-0000-0000-0000-000000000003",
                "ParentId": "a84ead7c-ff90-45f6-8f71-5f49c2c0167e",
                "Name": "Подразделение 1.3",
                "Children": []
            }
        ]
    },
    {
        "Id": "15f8b8f9-2c2f-4647-b90f-f9d552ecf36b",
        "ParentId": null,
        "Name": "Подразделение 2",
        "Children": [
            {
                "Id": "00000000-0000-0000-0000-00000000000a",
                "ParentId": "15f8b8f9-2c2f-4647-b90f-f9d552ecf36b",
                "Name": "Подразделение 2.1",
                "Children": [
                    {
                        "Id": "00000000-0000-0000-0000-00000000000d",
                        "ParentId": "00000000-0000-0000-0000-00000000000a",
                        "Name": "Подразделение 2.1.1",
                        "Children": []
                    },
                    {
                        "Id": "00000000-0000-0000-0000-00000000000e",
                        "ParentId": "00000000-0000-0000-0000-00000000000a",
                        "Name": "Подразделение 2.1.2",
                        "Children": []
                    },
                    {
                        "Id": "00000000-0000-0000-0000-00000000000f",
                        "ParentId": "00000000-0000-0000-0000-00000000000a",
                        "Name": "Подразделение 2.1.3",
                        "Children": []
                    },
                    {
                        "Id": "00000000-0000-0000-0000-000000000010",
                        "ParentId": "00000000-0000-0000-0000-00000000000a",
                        "Name": "Подразделение 2.1.4",
                        "Children": []
                    }
                ]
            },
            {
                "Id": "00000000-0000-0000-0000-00000000000b",
                "ParentId": "15f8b8f9-2c2f-4647-b90f-f9d552ecf36b",
                "Name": "Подразделение 2.2",
                "Children": [
                    {
                        "Id": "00000000-0000-0000-0000-000000000011",
                        "ParentId": "00000000-0000-0000-0000-00000000000b",
                        "Name": "Подразделение 2.2.1",
                        "Children": []
                    },
                    {
                        "Id": "00000000-0000-0000-0000-000000000012",
                        "ParentId": "00000000-0000-0000-0000-00000000000b",
                        "Name": "Подразделение 2.2.2",
                        "Children": []
                    }
                ]
            },
            {
                "Id": "00000000-0000-0000-0000-00000000000c",
                "ParentId": "15f8b8f9-2c2f-4647-b90f-f9d552ecf36b",
                "Name": "Подразделение 2.3",
                "Children": []
            }
        ]
    },
    {
        "Id": "ce7263bb-8318-40b6-bacc-f0292e648da1",
        "ParentId": null,
        "Name": "Подразделение 3",
        "Children": [
            {
                "Id": "00000000-0000-0000-0000-000000000013",
                "ParentId": "ce7263bb-8318-40b6-bacc-f0292e648da1",
                "Name": "Подразделение 3.1",
                "Children": [
                    {
                        "Id": "00000000-0000-0000-0000-000000000016",
                        "ParentId": "00000000-0000-0000-0000-000000000013",
                        "Name": "Подразделение 3.1.1",
                        "Children": []
                    },
                    {
                        "Id": "00000000-0000-0000-0000-000000000017",
                        "ParentId": "00000000-0000-0000-0000-000000000013",
                        "Name": "Подразделение 3.1.2",
                        "Children": []
                    },
                    {
                        "Id": "00000000-0000-0000-0000-000000000018",
                        "ParentId": "00000000-0000-0000-0000-000000000013",
                        "Name": "Подразделение 3.1.3",
                        "Children": []
                    },
                    {
                        "Id": "00000000-0000-0000-0000-000000000019",
                        "ParentId": "00000000-0000-0000-0000-000000000013",
                        "Name": "Подразделение 3.1.4",
                        "Children": []
                    }
                ]
            },
            {
                "Id": "00000000-0000-0000-0000-000000000014",
                "ParentId": "ce7263bb-8318-40b6-bacc-f0292e648da1",
                "Name": "Подразделение 3.2",
                "Children": [
                    {
                        "Id": "00000000-0000-0000-0000-00000000001a",
                        "ParentId": "00000000-0000-0000-0000-000000000014",
                        "Name": "Подразделение 3.2.1",
                        "Children": []
                    },
                    {
                        "Id": "00000000-0000-0000-0000-00000000001b",
                        "ParentId": "00000000-0000-0000-0000-000000000014",
                        "Name": "Подразделение 3.2.2",
                        "Children": []
                    }
                ]
            },
            {
                "Id": "00000000-0000-0000-0000-000000000015",
                "ParentId": "ce7263bb-8318-40b6-bacc-f0292e648da1",
                "Name": "Подразделение 3.3",
                "Children": []
            }
        ]
    },
    {
        "Id": "33b62d51-2a13-4907-bd76-7f4a7750007d",
        "ParentId": null,
        "Name": "Подразделение 4",
        "Children": [
            {
                "Id": "00000000-0000-0000-0000-00000000001c",
                "ParentId": "33b62d51-2a13-4907-bd76-7f4a7750007d",
                "Name": "Подразделение 4.1",
                "Children": [
                    {
                        "Id": "00000000-0000-0000-0000-00000000001f",
                        "ParentId": "00000000-0000-0000-0000-00000000001c",
                        "Name": "Подразделение 4.1.1",
                        "Children": []
                    },
                    {
                        "Id": "00000000-0000-0000-0000-000000000020",
                        "ParentId": "00000000-0000-0000-0000-00000000001c",
                        "Name": "Подразделение 4.1.2",
                        "Children": []
                    },
                    {
                        "Id": "00000000-0000-0000-0000-000000000021",
                        "ParentId": "00000000-0000-0000-0000-00000000001c",
                        "Name": "Подразделение 4.1.3",
                        "Children": []
                    },
                    {
                        "Id": "00000000-0000-0000-0000-000000000022",
                        "ParentId": "00000000-0000-0000-0000-00000000001c",
                        "Name": "Подразделение 4.1.4",
                        "Children": []
                    }
                ]
            },
            {
                "Id": "00000000-0000-0000-0000-00000000001d",
                "ParentId": "33b62d51-2a13-4907-bd76-7f4a7750007d",
                "Name": "Подразделение 4.2",
                "Children": [
                    {
                        "Id": "00000000-0000-0000-0000-000000000023",
                        "ParentId": "00000000-0000-0000-0000-00000000001d",
                        "Name": "Подразделение 4.2.1",
                        "Children": []
                    },
                    {
                        "Id": "00000000-0000-0000-0000-000000000024",
                        "ParentId": "00000000-0000-0000-0000-00000000001d",
                        "Name": "Подразделение 4.2.2",
                        "Children": []
                    }
                ]
            },
            {
                "Id": "00000000-0000-0000-0000-00000000001e",
                "ParentId": "33b62d51-2a13-4907-bd76-7f4a7750007d",
                "Name": "Подразделение 4.3",
                "Children": []
            }
        ]
    }
]